cutoff 2020: train edges 26,505 | newly documented test edges 27,662 on 2,179 known plants
contrasts ready (16s)
linear + gbm trained
  [nn] epoch 0 loss 1.7017 val R@10 0.2355
  [nn] epoch 1 loss 1.1978 val R@10 0.2609
  [nn] epoch 2 loss 0.9858 val R@10 0.2790
  [nn] epoch 3 loss 0.8201 val R@10 0.2947
  [nn] epoch 4 loss 0.6818 val R@10 0.2880
  [nn] epoch 5 loss 0.5561 val R@10 0.3098
  [nn] epoch 6 loss 0.4574 val R@10 0.2981
  [nn] epoch 7 loss 0.4031 val R@10 0.3033
  [nn] epoch 8 loss 0.3667 val R@10 0.3032
  [nn] epoch 9 loss 0.3345 val R@10 0.3088
  [nn] epoch 10 loss 0.3092 val R@10 0.2987
  [nn] epoch 11 loss 0.2937 val R@10 0.3011
nn trained, best val 0.3098 (125s)
  300/2179 plants (92s)
  600/2179 plants (184s)
  900/2179 plants (276s)
  1200/2179 plants (369s)
  1500/2179 plants (461s)
  1800/2179 plants (554s)
  2100/2179 plants (647s)
  rank_n               R@10 0.1041 [0.0965,0.1116]  R@50 0.3143  hit@10 0.5122
  rank_n_tax_ldelta    R@10 0.1838 [0.1728,0.1950]  R@50 0.3897  hit@10 0.6462
  gbm_geo_tuned        R@10 0.2146 [0.2042,0.2258]  R@50 0.4666  hit@10 0.7012
  twotower_bioclip     R@10 0.2435 [0.2322,0.2555]  R@50 0.4959  hit@10 0.7292

            model  recall@10     lo     hi  recall@50  hit@10  n_plants
           rank_n     0.1041 0.0965 0.1116     0.3143  0.5122      2179
rank_n_tax_ldelta     0.1838 0.1728 0.1950     0.3897  0.6462      2179
    gbm_geo_tuned     0.2146 0.2042 0.2258     0.4666  0.7012      2179
 twotower_bioclip     0.2435 0.2322 0.2555     0.4959  0.7292      2179
