
========================================================================
YIELD LEDGER
========================================================================
 step                      operation  records_in  records_out  no_coordinates  orientation_violations  unresolved_roles  ambiguous_ids  cross_kingdom_homonyms  plant_genus_rows  pollinator_genus_rows  after_exact_dedup removed_pct  immature_dropped lifestage_annotated    edges  plants  pollinators
  1.0                  read snapshot    24563644     24563644             NaN                     NaN               NaN            NaN                     NaN               NaN                    NaN                NaN         NaN               NaN                 NaN      NaN     NaN          NaN
  2.0     interaction-type selection    24563644      5612865             NaN                     NaN               NaN            NaN                     NaN               NaN                    NaN                NaN         NaN               NaN                 NaN      NaN     NaN          NaN
  3.0                  region filter     5612865      2891828       1308212.0                     NaN               NaN            NaN                     NaN               NaN                    NaN                NaN         NaN               NaN                 NaN      NaN     NaN          NaN
  4.0             role + orientation     2891828      1695350             NaN                 33177.0         1948530.0            NaN                     NaN               NaN                    NaN                NaN         NaN               NaN                 NaN      NaN     NaN          NaN
  5.0          identifier resolution     1695350      1410616             NaN                     NaN               NaN            NaN                     NaN               NaN                    NaN                NaN         NaN               NaN                 NaN      NaN     NaN          NaN
  5.5      identifier disambiguation     1410616      1410616             NaN                     NaN               NaN          918.0                     2.0               NaN                    NaN                NaN         NaN               NaN                 NaN      NaN     NaN          NaN
  6.0 rank policy (lowest available)     1410616      1362035             NaN                     NaN               NaN            NaN                     NaN          445971.0                87375.0                NaN         NaN               NaN                 NaN      NaN     NaN          NaN
  7.0                  deduplication     1362035       996982             NaN                     NaN               NaN            NaN                     NaN               NaN                    NaN          1212006.0       26.8%               NaN                 NaN      NaN     NaN          NaN
  8.0              life-stage filter      996982       958129             NaN                     NaN               NaN            NaN                     NaN               NaN                    NaN                NaN         NaN           38853.0               46.2%      NaN     NaN          NaN
  9.0             aggregate to edges      958129       958129             NaN                     NaN               NaN            NaN                     NaN               NaN                    NaN                NaN         NaN               NaN                 NaN 198327.0 12347.0      15921.0
 10.0       metaweb (no coordinates)      488481       229469             NaN                     NaN               NaN            NaN                     NaN               NaN                    NaN                NaN         NaN               NaN                 NaN      NaN     NaN          NaN

========================================================================
1. NETWORK SIZE
========================================================================
edges 192,945 | plants 11,031 | pollinators 15,010
connectance 0.1165%
  tier A: 101,070 edges | 6,678 plants | 5,510 pollinators
  tier B: 91,875 edges | 9,064 plants | 13,215 pollinators

========================================================================
2. RANK COMPOSITION (the 'lowest available' policy)
========================================================================
pollinator_rank  genus  species     All
plant_rank                             
genus             3301    40893   44194
species          10832   137919  148751
All              14133   178812  192945

species-only subgraph: 137,919 edges (71.5% of total)
edges gained by allowing genus: 55,026

========================================================================
3. DEGREE DISTRIBUTIONS
========================================================================
plant       median    4  mean   17.5  max  1360  deg<=3   50%  deg>20   19%
pollinator  median    2  mean   12.9  max  2492  deg<=3   59%  deg>20   11%

========================================================================
4. EVIDENTIAL SUPPORT
========================================================================
n_records:      median 1  >=2 39%  max 14,326
n_observations: median 1  >=2 36%
n_sources:      1 source 92%  >=2 8%
edges with any non-iNat record: 40%

========================================================================
5. SOURCE HOLDOUT FEASIBILITY (edges unique to each source)
========================================================================
                 source  edges_touched  edges_unique
            web-of-life          10857         10409
           gbif-us-bees          10055          6126
usgs-pollinator-library            315           100
                CropPol            440           326
             guzman2022           3404          2369
            inaturalist         124392        116280

========================================================================
6. POLLINATOR TAXONOMY — what is in the network
========================================================================
by order (edges):
pollinator_order
Hymenoptera      41.7
Lepidoptera      20.8
Hemiptera        11.5
Diptera          11.3
Coleoptera        7.5
Passeriformes     1.7
Araneae           1.2
Orthoptera        0.6
Apodiformes       0.6
Psocodea          0.5

TIER A only:
pollinator_order
Hymenoptera      45.9
Lepidoptera      29.7
Diptera          13.5
Coleoptera        6.8
Hemiptera         1.3
Passeriformes     0.9
Apodiformes       0.8
Araneae           0.4

========================================================================
7. TEMPORAL COVERAGE
========================================================================
first_year: min 1700 median 2019 max 2026
edges with a usable year: 94%
  first documented <= 2015:  61,306   after: 120,084
  first documented <= 2018:  80,130   after: 101,260
  first documented <= 2020: 103,161   after:  78,229
  first documented <= 2022: 132,395   after:  48,995

========================================================================
8. ROLE ASSIGNMENT
========================================================================
role_source
kingdom           186576
phylum              6123
kingdom,phylum       246

========================================================================
9. TOP TAXA (sanity)
========================================================================
top plants: Solidago, Achillea millefolium, Asclepias curassavica, Erigeron, Rubus
top pollinators: Apis mellifera, Bombus impatiens, Bombus griseocollis, Lasioglossum, Xylocopa virginica

plants that are also pollinator nodes (should be 0): 0
