models ready
  150/553
  300/553
  450/553

test plants 553 | median degree 6 | share degree>k: k=1:78%, k=5:50%, k=10:36%, k=20:21%, k=50:7%, k=100:3%

--- recall ---
model                   @1        @5       @10       @20       @50      @100
N only              0.0141    0.0650    0.1171    0.2028    0.3438    0.4687
N+tax+localD        0.0480    0.1460    0.2085    0.2938    0.4312    0.5429
GBM geo             0.0527    0.1618    0.2454    0.3370    0.4914    0.6266
degree null         0.0069    0.0587    0.0796    0.1407    0.2331    0.2846

--- nrecall ---
model                   @1        @5       @10       @20       @50      @100
N only              0.1248    0.1545    0.1816    0.2397    0.3545    0.4722
N+tax+localD        0.3472    0.2947    0.3015    0.3454    0.4469    0.5488
GBM geo             0.3960    0.3375    0.3505    0.3920    0.5092    0.6330
degree null         0.1356    0.1578    0.1343    0.1733    0.2432    0.2880

--- ndcg ---
model                   @1        @5       @10       @20       @50      @100
N only              0.1248    0.1430    0.1533    0.1713    0.2024    0.2360
N+tax+localD        0.3472    0.2966    0.2869    0.2928    0.3173    0.3479
GBM geo             0.3960    0.3404    0.3278    0.3291    0.3609    0.3981
degree null         0.1356    0.1635    0.1393    0.1456    0.1601    0.1730

--- map ---
model                   @1        @5       @10       @20       @50      @100
N only              0.1248    0.0925    0.0848    0.0812    0.0803    0.0846
N+tax+localD        0.3472    0.2252    0.1928    0.1787    0.1717    0.1758
GBM geo             0.3960    0.2623    0.2239    0.2033    0.2001    0.2068
degree null         0.1356    0.1111    0.0785    0.0683    0.0622    0.0621

ordering stability (best-first) per metric x k:
  recall   reference: GBM geo > N+tax+localD > N only > degree null
  FLIP nrecall@10: GBM geo > N+tax+localD > N only > degree null
  FLIP nrecall@20: GBM geo > N+tax+localD > N only > degree null
  FLIP nrecall@50: GBM geo > N+tax+localD > N only > degree null
  FLIP nrecall@100: GBM geo > N+tax+localD > N only > degree null
  nrecall  reference: GBM geo > N+tax+localD > degree null > N only
  FLIP ndcg@10: GBM geo > N+tax+localD > N only > degree null
  FLIP ndcg@20: GBM geo > N+tax+localD > N only > degree null
  FLIP ndcg@50: GBM geo > N+tax+localD > N only > degree null
  FLIP ndcg@100: GBM geo > N+tax+localD > N only > degree null
  ndcg     reference: GBM geo > N+tax+localD > degree null > N only
  FLIP map@10: GBM geo > N+tax+localD > N only > degree null
  FLIP map@20: GBM geo > N+tax+localD > N only > degree null
  FLIP map@50: GBM geo > N+tax+localD > N only > degree null
  FLIP map@100: GBM geo > N+tax+localD > N only > degree null
  map      reference: GBM geo > N+tax+localD > degree null > N only

total ordering flips across all metric x k combinations: 12
