data ready (201s); tower dims with curves 565/565, without 513/513
wide caches ready (283s)
  [curves+delta] epoch 0 rank 1.7511 comp 0.0556 | val R@10 0.2538 pooledPR 0.7646
  [curves+delta] epoch 1 rank 1.2479 comp 0.0386 | val R@10 0.2583 pooledPR 0.8226
  [curves+delta] epoch 2 rank 0.9460 comp 0.0329 | val R@10 0.2578 pooledPR 0.8511
  [curves+delta] epoch 3 rank 0.7339 comp 0.0295 | val R@10 0.2610 pooledPR 0.8575
  [curves+delta] epoch 4 rank 0.6161 comp 0.0267 | val R@10 0.2621 pooledPR 0.8554
  [curves+delta] epoch 5 rank 0.5418 comp 0.0249 | val R@10 0.2840 pooledPR 0.8596
  [curves+delta] epoch 6 rank 0.4970 comp 0.0235 | val R@10 0.2656 pooledPR 0.8593
  [curves+delta] epoch 7 rank 0.4555 comp 0.0225 | val R@10 0.2764 pooledPR 0.8560
  [curves+delta] epoch 8 rank 0.4261 comp 0.0217 | val R@10 0.2632 pooledPR 0.8580
  [curves+delta] epoch 9 rank 0.3910 comp 0.0210 | val R@10 0.2488 pooledPR 0.8558
  [curves+delta] epoch 10 rank 0.3689 comp 0.0204 | val R@10 0.2575 pooledPR 0.8567
  [curves+delta] epoch 11 rank 0.3446 comp 0.0198 | val R@10 0.2482 pooledPR 0.8610
  curves+delta   retrieval      R@10 0.2574 [0.2337,0.2833] pooledPR 0.8611 T1 0.4569
  curves+delta   compatibility  R@10 0.2598 [0.2342,0.2854] pooledPR 0.8582 T1 0.4981
  (curves+delta in 13s)
  [curves_only] epoch 0 rank 1.7295 comp 0.0557 | val R@10 0.2538 pooledPR 0.7639
  [curves_only] epoch 1 rank 1.2570 comp 0.0387 | val R@10 0.2592 pooledPR 0.8261
  [curves_only] epoch 2 rank 0.9875 comp 0.0330 | val R@10 0.2532 pooledPR 0.8471
  [curves_only] epoch 3 rank 0.7819 comp 0.0299 | val R@10 0.2624 pooledPR 0.8550
  [curves_only] epoch 4 rank 0.6438 comp 0.0274 | val R@10 0.2523 pooledPR 0.8541
  [curves_only] epoch 5 rank 0.5522 comp 0.0258 | val R@10 0.2638 pooledPR 0.8572
  [curves_only] epoch 6 rank 0.5025 comp 0.0244 | val R@10 0.2535 pooledPR 0.8565
  [curves_only] epoch 7 rank 0.4586 comp 0.0231 | val R@10 0.2624 pooledPR 0.8574
  [curves_only] epoch 8 rank 0.4273 comp 0.0222 | val R@10 0.2688 pooledPR 0.8553
  [curves_only] epoch 9 rank 0.3937 comp 0.0214 | val R@10 0.2509 pooledPR 0.8576
  [curves_only] epoch 10 rank 0.3713 comp 0.0208 | val R@10 0.2618 pooledPR 0.8572
  [curves_only] epoch 11 rank 0.3470 comp 0.0202 | val R@10 0.2553 pooledPR 0.8597
  [curves_only] epoch 12 rank 0.3285 comp 0.0197 | val R@10 0.2703 pooledPR 0.8541
  [curves_only] epoch 13 rank 0.3129 comp 0.0194 | val R@10 0.2741 pooledPR 0.8565
  [curves_only] epoch 14 rank 0.3033 comp 0.0192 | val R@10 0.2457 pooledPR 0.8542
  [curves_only] epoch 15 rank 0.2818 comp 0.0187 | val R@10 0.2718 pooledPR 0.8523
  [curves_only] epoch 16 rank 0.2709 comp 0.0184 | val R@10 0.2471 pooledPR 0.8528
  [curves_only] epoch 17 rank 0.2594 comp 0.0181 | val R@10 0.2555 pooledPR 0.8525
  [curves_only] epoch 18 rank 0.2471 comp 0.0180 | val R@10 0.2704 pooledPR 0.8537
  [curves_only] epoch 19 rank 0.2389 comp 0.0177 | val R@10 0.2468 pooledPR 0.8549
  curves_only    retrieval      R@10 0.2631 [0.2393,0.2878] pooledPR 0.8609 T1 0.4800
  curves_only    compatibility  R@10 0.2595 [0.2349,0.2840] pooledPR 0.8604 T1 0.5004
  (curves_only in 17s)
  [delta_only] epoch 0 rank 1.8229 comp 0.0520 | val R@10 0.2428 pooledPR 0.7882
  [delta_only] epoch 1 rank 1.2669 comp 0.0364 | val R@10 0.2647 pooledPR 0.8327
  [delta_only] epoch 2 rank 0.9271 comp 0.0314 | val R@10 0.2402 pooledPR 0.8461
  [delta_only] epoch 3 rank 0.7303 comp 0.0278 | val R@10 0.2556 pooledPR 0.8547
  [delta_only] epoch 4 rank 0.6227 comp 0.0255 | val R@10 0.2454 pooledPR 0.8534
  [delta_only] epoch 5 rank 0.5614 comp 0.0241 | val R@10 0.2529 pooledPR 0.8539
  [delta_only] epoch 6 rank 0.5202 comp 0.0230 | val R@10 0.2543 pooledPR 0.8569
  [delta_only] epoch 7 rank 0.4798 comp 0.0222 | val R@10 0.2497 pooledPR 0.8548
  delta_only     retrieval      R@10 0.2356 [0.2124,0.2580] pooledPR 0.8549 T1 0.4791
  delta_only     compatibility  R@10 0.2006 [0.1791,0.2217] pooledPR 0.8363 T1 0.4597
  (delta_only in 7s)
  [no_temporal] epoch 0 rank 1.8369 comp 0.0520 | val R@10 0.2429 pooledPR 0.7951
  [no_temporal] epoch 1 rank 1.2880 comp 0.0361 | val R@10 0.2523 pooledPR 0.8313
  [no_temporal] epoch 2 rank 0.9408 comp 0.0317 | val R@10 0.2326 pooledPR 0.8461
  [no_temporal] epoch 3 rank 0.7495 comp 0.0283 | val R@10 0.2717 pooledPR 0.8535
  [no_temporal] epoch 4 rank 0.6372 comp 0.0258 | val R@10 0.2328 pooledPR 0.8523
  [no_temporal] epoch 5 rank 0.5677 comp 0.0243 | val R@10 0.2490 pooledPR 0.8530
  [no_temporal] epoch 6 rank 0.5234 comp 0.0233 | val R@10 0.2369 pooledPR 0.8529
  [no_temporal] epoch 7 rank 0.4813 comp 0.0224 | val R@10 0.2444 pooledPR 0.8509
  [no_temporal] epoch 8 rank 0.4489 comp 0.0218 | val R@10 0.2412 pooledPR 0.8533
  [no_temporal] epoch 9 rank 0.4180 comp 0.0211 | val R@10 0.2400 pooledPR 0.8540
  no_temporal    retrieval      R@10 0.2371 [0.2140,0.2611] pooledPR 0.8578 T1 0.5060
  no_temporal    compatibility  R@10 0.2311 [0.2082,0.2548] pooledPR 0.8518 T1 0.5030
  (no_temporal in 9s)

     variant  curves delta          head  recall@10     lo     hi  recall@50  hit@10  pooled_PR  t1_recall@10
curves+delta    True  both     retrieval     0.2574 0.2337 0.2833     0.5399  0.7269     0.8611        0.4569
curves+delta    True  both compatibility     0.2598 0.2342 0.2854     0.5395  0.7324     0.8582        0.4981
 curves_only    True  none     retrieval     0.2631 0.2393 0.2878     0.5345  0.7233     0.8609        0.4800
 curves_only    True  none compatibility     0.2595 0.2349 0.2840     0.5426  0.7197     0.8604        0.5004
  delta_only   False  both     retrieval     0.2356 0.2124 0.2580     0.4993  0.6926     0.8549        0.4791
  delta_only   False  both compatibility     0.2006 0.1791 0.2217     0.4311  0.6528     0.8363        0.4597
 no_temporal   False  none     retrieval     0.2371 0.2140 0.2611     0.5103  0.6872     0.8578        0.5060
 no_temporal   False  none compatibility     0.2311 0.2082 0.2548     0.4859  0.6763     0.8518        0.5030
