data ready (249s)
wide caches ready (356s)
pooled sets ready: val 73,975 test 101,310 (364s)
  [joint] epoch 0 rank 1.7511 comp 0.0556 | val R@10 0.2538 pooledPR 0.7646
  [joint] epoch 1 rank 1.2479 comp 0.0386 | val R@10 0.2583 pooledPR 0.8226
  [joint] epoch 2 rank 0.9460 comp 0.0329 | val R@10 0.2578 pooledPR 0.8511
  [joint] epoch 3 rank 0.7339 comp 0.0295 | val R@10 0.2610 pooledPR 0.8575
  [joint] epoch 4 rank 0.6161 comp 0.0267 | val R@10 0.2621 pooledPR 0.8554
  [joint] epoch 5 rank 0.5418 comp 0.0249 | val R@10 0.2840 pooledPR 0.8596
  [joint] epoch 6 rank 0.4970 comp 0.0235 | val R@10 0.2656 pooledPR 0.8593
  [joint] epoch 7 rank 0.4555 comp 0.0225 | val R@10 0.2764 pooledPR 0.8560
  [joint] epoch 8 rank 0.4261 comp 0.0217 | val R@10 0.2632 pooledPR 0.8580
  [joint] epoch 9 rank 0.3910 comp 0.0210 | val R@10 0.2488 pooledPR 0.8558
  [joint] epoch 10 rank 0.3689 comp 0.0204 | val R@10 0.2575 pooledPR 0.8567
  [joint] epoch 11 rank 0.3446 comp 0.0198 | val R@10 0.2482 pooledPR 0.8610
  joint              retrieval      R@10 0.2574 [0.2337,0.2833] pooledPR 0.8611 T1 0.4569
  joint              compatibility  R@10 0.2598 [0.2342,0.2854] pooledPR 0.8582 T1 0.4981
  (joint done in 14s)
  [rank_only] epoch 0 rank 1.7318 comp 0.1335 | val R@10 0.2543 pooledPR 0.7006
  [rank_only] epoch 1 rank 1.2293 comp 0.1632 | val R@10 0.2561 pooledPR 0.6593
  [rank_only] epoch 2 rank 0.9302 comp 0.2158 | val R@10 0.2557 pooledPR 0.6193
  [rank_only] epoch 3 rank 0.7226 comp 0.2111 | val R@10 0.2668 pooledPR 0.6248
  [rank_only] epoch 4 rank 0.6076 comp 0.2079 | val R@10 0.2650 pooledPR 0.6300
  [rank_only] epoch 5 rank 0.5359 comp 0.1907 | val R@10 0.2766 pooledPR 0.6506
  [rank_only] epoch 6 rank 0.4912 comp 0.1853 | val R@10 0.2601 pooledPR 0.6495
  [rank_only] epoch 7 rank 0.4533 comp 0.1759 | val R@10 0.2659 pooledPR 0.6509
  [rank_only] epoch 8 rank 0.4207 comp 0.1657 | val R@10 0.2550 pooledPR 0.6834
  [rank_only] epoch 9 rank 0.3875 comp 0.1592 | val R@10 0.2470 pooledPR 0.6648
  [rank_only] epoch 10 rank 0.3654 comp 0.1566 | val R@10 0.2493 pooledPR 0.6832
  [rank_only] epoch 11 rank 0.3416 comp 0.1438 | val R@10 0.2615 pooledPR 0.7123
  rank_only          retrieval      R@10 0.2612 [0.2378,0.2869] pooledPR 0.8562 T1 0.4746
  rank_only          compatibility  R@10 0.0597 [0.0475,0.0736] pooledPR 0.6225 T1 0.1169
  (rank_only done in 11s)
  [comp_only] epoch 0 rank 2.5008 comp 0.0641 | val R@10 0.1183 pooledPR 0.7611
  [comp_only] epoch 1 rank 1.9250 comp 0.0400 | val R@10 0.1245 pooledPR 0.8117
  [comp_only] epoch 2 rank 2.0057 comp 0.0356 | val R@10 0.1046 pooledPR 0.8309
  [comp_only] epoch 3 rank 2.1996 comp 0.0324 | val R@10 0.0347 pooledPR 0.8425
  [comp_only] epoch 4 rank 2.3758 comp 0.0298 | val R@10 0.0112 pooledPR 0.8463
  [comp_only] epoch 5 rank 2.4284 comp 0.0276 | val R@10 0.0113 pooledPR 0.8503
  [comp_only] epoch 6 rank 2.4820 comp 0.0258 | val R@10 0.0110 pooledPR 0.8496
  [comp_only] epoch 7 rank 2.4754 comp 0.0245 | val R@10 0.0102 pooledPR 0.8508
  comp_only          retrieval      R@10 0.1053 [0.0898,0.1219] pooledPR 0.7402 T1 0.2798
  comp_only          compatibility  R@10 0.2180 [0.1953,0.2436] pooledPR 0.8191 T1 0.4853
  (comp_only done in 9s)
  [joint_noDelta] epoch 0 rank 1.7295 comp 0.0557 | val R@10 0.2538 pooledPR 0.7639
  [joint_noDelta] epoch 1 rank 1.2570 comp 0.0387 | val R@10 0.2592 pooledPR 0.8261
  [joint_noDelta] epoch 2 rank 0.9875 comp 0.0330 | val R@10 0.2532 pooledPR 0.8471
  [joint_noDelta] epoch 3 rank 0.7819 comp 0.0299 | val R@10 0.2624 pooledPR 0.8550
  [joint_noDelta] epoch 4 rank 0.6438 comp 0.0274 | val R@10 0.2523 pooledPR 0.8541
  [joint_noDelta] epoch 5 rank 0.5522 comp 0.0258 | val R@10 0.2638 pooledPR 0.8572
  [joint_noDelta] epoch 6 rank 0.5025 comp 0.0244 | val R@10 0.2535 pooledPR 0.8565
  [joint_noDelta] epoch 7 rank 0.4586 comp 0.0231 | val R@10 0.2624 pooledPR 0.8574
  [joint_noDelta] epoch 8 rank 0.4273 comp 0.0222 | val R@10 0.2688 pooledPR 0.8553
  [joint_noDelta] epoch 9 rank 0.3937 comp 0.0214 | val R@10 0.2509 pooledPR 0.8576
  [joint_noDelta] epoch 10 rank 0.3713 comp 0.0208 | val R@10 0.2618 pooledPR 0.8572
  [joint_noDelta] epoch 11 rank 0.3470 comp 0.0202 | val R@10 0.2553 pooledPR 0.8597
  [joint_noDelta] epoch 12 rank 0.3285 comp 0.0197 | val R@10 0.2703 pooledPR 0.8541
  [joint_noDelta] epoch 13 rank 0.3129 comp 0.0194 | val R@10 0.2741 pooledPR 0.8565
  [joint_noDelta] epoch 14 rank 0.3033 comp 0.0192 | val R@10 0.2457 pooledPR 0.8542
  [joint_noDelta] epoch 15 rank 0.2818 comp 0.0187 | val R@10 0.2718 pooledPR 0.8523
  [joint_noDelta] epoch 16 rank 0.2709 comp 0.0184 | val R@10 0.2471 pooledPR 0.8528
  [joint_noDelta] epoch 17 rank 0.2594 comp 0.0181 | val R@10 0.2555 pooledPR 0.8525
  [joint_noDelta] epoch 18 rank 0.2471 comp 0.0180 | val R@10 0.2704 pooledPR 0.8537
  [joint_noDelta] epoch 19 rank 0.2389 comp 0.0177 | val R@10 0.2468 pooledPR 0.8549
  joint_noDelta      retrieval      R@10 0.2631 [0.2393,0.2878] pooledPR 0.8609 T1 0.4800
  joint_noDelta      compatibility  R@10 0.2595 [0.2349,0.2840] pooledPR 0.8604 T1 0.5004
  (joint_noDelta done in 17s)
  [joint_globalDelta] epoch 0 rank 1.7344 comp 0.0555 | val R@10 0.2574 pooledPR 0.7717
  [joint_globalDelta] epoch 1 rank 1.2467 comp 0.0379 | val R@10 0.2608 pooledPR 0.8270
  [joint_globalDelta] epoch 2 rank 0.9527 comp 0.0327 | val R@10 0.2521 pooledPR 0.8464
  [joint_globalDelta] epoch 3 rank 0.7461 comp 0.0295 | val R@10 0.2670 pooledPR 0.8558
  [joint_globalDelta] epoch 4 rank 0.6247 comp 0.0272 | val R@10 0.2625 pooledPR 0.8515
  [joint_globalDelta] epoch 5 rank 0.5477 comp 0.0253 | val R@10 0.2812 pooledPR 0.8569
  [joint_globalDelta] epoch 6 rank 0.5026 comp 0.0237 | val R@10 0.2711 pooledPR 0.8564
  [joint_globalDelta] epoch 7 rank 0.4619 comp 0.0225 | val R@10 0.2645 pooledPR 0.8559
  [joint_globalDelta] epoch 8 rank 0.4323 comp 0.0217 | val R@10 0.2657 pooledPR 0.8575
  [joint_globalDelta] epoch 9 rank 0.3983 comp 0.0209 | val R@10 0.2552 pooledPR 0.8577
  [joint_globalDelta] epoch 10 rank 0.3751 comp 0.0203 | val R@10 0.2506 pooledPR 0.8559
  [joint_globalDelta] epoch 11 rank 0.3506 comp 0.0198 | val R@10 0.2572 pooledPR 0.8618
  joint_globalDelta  retrieval      R@10 0.2451 [0.2218,0.2708] pooledPR 0.8617 T1 0.4627
  joint_globalDelta  compatibility  R@10 0.2482 [0.2249,0.2733] pooledPR 0.8567 T1 0.4898
  (joint_globalDelta done in 11s)
  [joint_localDelta] epoch 0 rank 1.7436 comp 0.0559 | val R@10 0.2574 pooledPR 0.7496
  [joint_localDelta] epoch 1 rank 1.2539 comp 0.0398 | val R@10 0.2559 pooledPR 0.8212
  [joint_localDelta] epoch 2 rank 0.9634 comp 0.0333 | val R@10 0.2528 pooledPR 0.8499
  [joint_localDelta] epoch 3 rank 0.7471 comp 0.0297 | val R@10 0.2741 pooledPR 0.8575
  [joint_localDelta] epoch 4 rank 0.6172 comp 0.0268 | val R@10 0.2515 pooledPR 0.8566
  [joint_localDelta] epoch 5 rank 0.5419 comp 0.0250 | val R@10 0.2673 pooledPR 0.8589
  [joint_localDelta] epoch 6 rank 0.5013 comp 0.0237 | val R@10 0.2648 pooledPR 0.8578
  [joint_localDelta] epoch 7 rank 0.4551 comp 0.0227 | val R@10 0.2695 pooledPR 0.8579
  [joint_localDelta] epoch 8 rank 0.4230 comp 0.0219 | val R@10 0.2611 pooledPR 0.8591
  [joint_localDelta] epoch 9 rank 0.3879 comp 0.0212 | val R@10 0.2511 pooledPR 0.8591
  joint_localDelta   retrieval      R@10 0.2438 [0.2206,0.2683] pooledPR 0.8627 T1 0.4880
  joint_localDelta   compatibility  R@10 0.2335 [0.2097,0.2568] pooledPR 0.8565 T1 0.5073
  (joint_localDelta done in 9s)

          variant          head  recall@10     lo     hi  recall@50  hit@10  pooled_PR  t1_recall@10
            joint     retrieval     0.2574 0.2337 0.2833     0.5399  0.7269     0.8611        0.4569
            joint compatibility     0.2598 0.2342 0.2854     0.5395  0.7324     0.8582        0.4981
        rank_only     retrieval     0.2612 0.2378 0.2869     0.5462  0.7360     0.8562        0.4746
        rank_only compatibility     0.0597 0.0475 0.0736     0.1762  0.3490     0.6225        0.1169
        comp_only     retrieval     0.1053 0.0898 0.1219     0.3029  0.5226     0.7402        0.2798
        comp_only compatibility     0.2180 0.1953 0.2436     0.4402  0.6637     0.8191        0.4853
    joint_noDelta     retrieval     0.2631 0.2393 0.2878     0.5345  0.7233     0.8609        0.4800
    joint_noDelta compatibility     0.2595 0.2349 0.2840     0.5426  0.7197     0.8604        0.5004
joint_globalDelta     retrieval     0.2451 0.2218 0.2708     0.5382  0.7107     0.8617        0.4627
joint_globalDelta compatibility     0.2482 0.2249 0.2733     0.5337  0.7197     0.8567        0.4898
 joint_localDelta     retrieval     0.2438 0.2206 0.2683     0.5172  0.7107     0.8627        0.4880
 joint_localDelta compatibility     0.2335 0.2097 0.2568     0.4884  0.6962     0.8565        0.5073
