=== BUILD 2026-09-02T07:41:02-05:00 ===
[ 1] read snapshot                in=  24,563,644 out=  24,563,644  
[ 2] interaction-type selection   in=  24,563,644 out=   5,612,865  
[ 3] region filter                in=   5,612,865 out=   2,891,828  no_coordinates=1,308,212
[ 4] role + orientation           in=   2,891,828 out=   1,695,350  orientation_violations=33,177  unresolved_roles=1,948,530
[ 5] identifier resolution        in=   1,695,350 out=   1,410,616  
[5.5] identifier disambiguation    in=   1,410,616 out=   1,410,616  ambiguous_ids=918  cross_kingdom_homonyms=2
[ 6] rank policy (lowest available) in=   1,410,616 out=   1,362,035  plant_genus_rows=445,971  pollinator_genus_rows=87,375
[ 7] deduplication                in=   1,362,035 out=     996,982  after_exact_dedup=1,212,006  removed_pct=26.8%
[ 8] life-stage filter            in=     996,982 out=     958,129  immature_dropped=38,853  lifestage_annotated=46.2%
[ 9] aggregate to edges           in=     958,129 out=     958,129  edges=198,327  plants=12,347  pollinators=15,921
[10] metaweb (no coordinates)     in=     488,481 out=     229,469  
wrote 198,327 edges to artifacts/v2 in 322s
=== EDA 2026-09-02T07:46:26-05:00 ===

========================================================================
YIELD LEDGER
========================================================================
 step                      operation  records_in  records_out  no_coordinates  orientation_violations  unresolved_roles  ambiguous_ids  cross_kingdom_homonyms  plant_genus_rows  pollinator_genus_rows  after_exact_dedup removed_pct  immature_dropped lifestage_annotated    edges  plants  pollinators
  1.0                  read snapshot    24563644     24563644             NaN                     NaN               NaN            NaN                     NaN               NaN                    NaN                NaN         NaN               NaN                 NaN      NaN     NaN          NaN
  2.0     interaction-type selection    24563644      5612865             NaN                     NaN               NaN            NaN                     NaN               NaN                    NaN                NaN         NaN               NaN                 NaN      NaN     NaN          NaN
  3.0                  region filter     5612865      2891828       1308212.0                     NaN               NaN            NaN                     NaN               NaN                    NaN                NaN         NaN               NaN                 NaN      NaN     NaN          NaN
  4.0             role + orientation     2891828      1695350             NaN                 33177.0         1948530.0            NaN                     NaN               NaN                    NaN                NaN         NaN               NaN                 NaN      NaN     NaN          NaN
  5.0          identifier resolution     1695350      1410616             NaN                     NaN               NaN            NaN                     NaN               NaN                    NaN                NaN         NaN               NaN                 NaN      NaN     NaN          NaN
  5.5      identifier disambiguation     1410616      1410616             NaN                     NaN               NaN          918.0                     2.0               NaN                    NaN                NaN         NaN               NaN                 NaN      NaN     NaN          NaN
  6.0 rank policy (lowest available)     1410616      1362035             NaN                     NaN               NaN            NaN                     NaN          445971.0                87375.0                NaN         NaN               NaN                 NaN      NaN     NaN          NaN
  7.0                  deduplication     1362035       996982             NaN                     NaN               NaN            NaN                     NaN               NaN                    NaN          1212006.0       26.8%               NaN                 NaN      NaN     NaN          NaN
  8.0              life-stage filter      996982       958129             NaN                     NaN               NaN            NaN                     NaN               NaN                    NaN                NaN         NaN           38853.0               46.2%      NaN     NaN          NaN
  9.0             aggregate to edges      958129       958129             NaN                     NaN               NaN            NaN                     NaN               NaN                    NaN                NaN         NaN               NaN                 NaN 198327.0 12347.0      15921.0
 10.0       metaweb (no coordinates)      488481       229469             NaN                     NaN               NaN            NaN                     NaN               NaN                    NaN                NaN         NaN               NaN                 NaN      NaN     NaN          NaN

========================================================================
1. NETWORK SIZE
========================================================================
edges 198,327 | plants 12,347 | pollinators 15,921
connectance 0.1009%
  tier A: 103,697 edges | 7,240 plants | 5,869 pollinators
  tier B: 94,630 edges | 9,994 plants | 13,937 pollinators

========================================================================
2. RANK COMPOSITION (the 'lowest available' policy)
========================================================================
pollinator_rank  genus  species     All
plant_rank                             
genus             3375    41887   45262
species          11023   142042  153065
All              14398   183929  198327

species-only subgraph: 142,042 edges (71.6% of total)
edges gained by allowing genus: 56,285

========================================================================
3. DEGREE DISTRIBUTIONS
========================================================================
plant       median    3  mean   16.1  max  1414  deg<=3   52%  deg>20   18%
pollinator  median    2  mean   12.5  max  2581  deg<=3   60%  deg>20   11%

========================================================================
4. EVIDENTIAL SUPPORT
========================================================================
n_records:      median 1  >=2 38%  max 14,326
n_observations: median 1  >=2 35%
n_sources:      1 source 93%  >=2 7%
edges with any non-iNat record: 39%

========================================================================
5. SOURCE HOLDOUT FEASIBILITY (edges unique to each source)
========================================================================
                 source  edges_touched  edges_unique
            web-of-life          10879         10483
           gbif-us-bees          10190          6613
usgs-pollinator-library            315           124
                CropPol            444           335
             guzman2022           3405          2431
            inaturalist         127312        120246

========================================================================
6. POLLINATOR TAXONOMY — what is in the network
========================================================================
by order (edges):
pollinator_order
Hymenoptera      42.2
Lepidoptera      21.0
Hemiptera        11.4
Diptera          11.1
Coleoptera        7.4
Passeriformes     1.7
Araneae           1.2
Orthoptera        0.6
Apodiformes       0.5
Psocodea          0.5

TIER A only:
pollinator_order
Hymenoptera      46.1
Lepidoptera      30.0
Diptera          13.2
Coleoptera        6.6
Hemiptera         1.3
Passeriformes     0.9
Apodiformes       0.8
Araneae           0.3

========================================================================
7. TEMPORAL COVERAGE
========================================================================
first_year: min 1700 median 2020 max 2026
edges with a usable year: 94%
  first documented <= 2015:  62,370   after: 124,286
  first documented <= 2018:  81,755   after: 104,901
  first documented <= 2020: 105,435   after:  81,221
  first documented <= 2022: 135,638   after:  51,018

========================================================================
8. ROLE ASSIGNMENT
========================================================================
role_source
kingdom    191920
phylum       6407

========================================================================
9. TOP TAXA (sanity)
========================================================================
top plants: Solidago, Achillea millefolium, Asclepias curassavica, Erigeron, Daucus carota
top pollinators: Apis mellifera, Bombus impatiens, Xylocopa virginica, Bombus griseocollis, Bombus pensylvanicus

plants that are also pollinator nodes (should be 0): 0
=== TESTS 2026-09-02T07:46:26-05:00 ===
PASS test_counts_coherent
PASS test_edges_unique
PASS test_ledger_monotone
PASS test_no_records_invented
PASS test_no_self_pairs
PASS test_node_degree_matches_edges
PASS test_node_sets_disjoint
PASS test_ranks_are_species_or_genus
PASS test_referential_integrity
PASS test_sources_consistent_with_count
PASS test_tier_reflects_best_evidence
PASS test_years_plausible

12/12 passed
=== DONE 2026-09-02T07:46:27-05:00 build_exit=0 ===
